// Jest Snapshot v1, https://goo.gl/fbAQLP

exports[`PasswordInput matches snapshot 1`] = `
[
  <TextInput
    onChangeText={[MockFunction]}
    placeholder="Password"
    placeholderTextColor="#999"
    secureTextEntry={true}
    style={
      {
        "borderBottomColor": "#000",
        "borderBottomWidth": 1,
        "color": "#000",
        "fontFamily": "Lato_400Regular",
        "fontSize": 16,
        "marginTop": 8,
        "paddingRight": 40,
        "paddingVertical": 8,
      }
    }
    testID="password_input"
    value=""
  />,
  <TouchableOpacity
    onPress={[Function]}
  >
    <Text>
      eye-off
    </Text>
  </TouchableOpacity>,
]
`;
